---
source: topics_core/src/doc.rs
expression: doc?.errors

---
[
    SerdeYamlErr(
        LocationError {
            location: Some(
                LineAndCol {
                    line_start: 16,
                    line_end: 22,
                    line: 22,
                    column: 1,
                },
            ),
            input_file: None,
            input_file_src: "---\n\nkind: DependencyCheck\nname: global-node\nverify: node -v\nurl: https://www.nodejs.org\n\n---\n\nkind: DependencyCheck\nname: global-yarn\nverify: yarn -v\nurl: https://yarn.sh/legacy\n\n---\n\nkind: Topic\nname: Run screen shot tests\ndeps:\n  - global-node\n  - global-yarn\nsteps\n",
            description: "while parsing a block mapping, did not find expected key at line 22 column 1",
        },
    ),
]
