---
source: multi_doc/src/lib.rs
expression: srcs

---
MultiDoc {
    items: [
        SingleDoc {
            line_start: 0,
            line_end: 10,
            content: "\nkind: Topic\nname: Run screen shot tests\ndeps:\n  - global-node\n  - global-yarn\nsteps:\n  - github-checkin\n  - |\n    some other long string",
        },
    ],
}
