---
source: multi_yaml/src/lib.rs
expression: doc

---
MultiYaml {
    items: [
        YamlDoc {
            line_start: 8,
            line_end: 10,
            content: "\nname: \"kittie\"",
        },
    ],
}
