---
source: src/doc.rs
expression: doc

---
Err(
    SerdeYamlErr(
        LocationError {
            location: Some(
                Location {
                    line: 22,
                    column: 1,
                },
            ),
            input_file: "/input-yaml.yml",
            description: "while parsing a block mapping, did not find expected key at line 7 column 1",
        },
    ),
)
